2026-06-17 01:45:52,887 [INFO] honey_token_gen: ============================================================
2026-06-17 01:45:52,887 [INFO] honey_token_gen: DEPLOY started (dry-run: True)
2026-06-17 01:45:52,887 [INFO] honey_token_gen: ============================================================
2026-06-17 01:45:52,888 [INFO] honey_token_gen.config: Loading configuration from 'config.example.json'
2026-06-17 01:45:52,888 [INFO] honey_token_gen.config: Configuration loaded and validated successfully
2026-06-17 01:45:52,888 [INFO] honey_token_gen: [DRY-RUN] Simulating LDAP connection to DC
2026-06-17 01:45:52,888 [INFO] honey_token_gen.ldap: [DRY-RUN] Would check/create OU 'Decoys' at 'OU=Decoys,DC=NTT,DC=local'
2026-06-17 01:45:52,901 [INFO] honey_token_gen: Assigned 2 decoy(s) to host 'WS01'
2026-06-17 01:45:52,901 [INFO] honey_token_gen: Assigned 1 decoy(s) to host 'WS02'
2026-06-17 01:45:52,902 [INFO] honey_token_gen: --- Processing host 'WS01' (192.168.100.10) ---
2026-06-17 01:45:52,902 [INFO] honey_token_gen: [DRY-RUN] Simulating WinRM connection to 'WS01'
2026-06-17 01:45:52,902 [INFO] honey_token_gen.ldap: [DRY-RUN] Would create/verify user 'sql-decoy' with SPNs ['MSSQLSvc/sql-decoy.NTT.local:1433']
2026-06-17 01:45:52,902 [INFO] honey_token_gen.winrm: [DRY-RUN] Would inject credential: cmdkey /add:sql-decoy.NTT.local /user:NTT.local\sql-decoy /pass:****
2026-06-17 01:45:52,902 [INFO] honey_token_gen.ldap: [DRY-RUN] Would create/verify user 'backup-user' with SPNs ['HOST/backup-user.NTT.local']
2026-06-17 01:45:52,902 [INFO] honey_token_gen.winrm: [DRY-RUN] Would inject credential: cmdkey /add:backup-user.NTT.local /user:NTT.local\backup-user /pass:****
2026-06-17 01:45:52,902 [INFO] honey_token_gen: --- Processing host 'WS02' (192.168.100.20) ---
2026-06-17 01:45:52,902 [INFO] honey_token_gen: [DRY-RUN] Simulating WinRM connection to 'WS02'
2026-06-17 01:45:52,902 [INFO] honey_token_gen.ldap: [DRY-RUN] Would create/verify user 'sql-decoy2' with SPNs ['MSSQLSvc/sql-decoy2.NTT.local:1433']
2026-06-17 01:45:52,902 [INFO] honey_token_gen.winrm: [DRY-RUN] Would inject credential: cmdkey /add:sql-decoy2.NTT.local /user:NTT.local\sql-decoy2 /pass:****
2026-06-17 01:45:52,902 [INFO] honey_token_gen: [DRY-RUN] Would write deployment record to 'list.json' containing 3 decoy(s)
2026-06-17 01:45:52,902 [INFO] honey_token_gen: ============================================================
2026-06-17 01:45:52,902 [INFO] honey_token_gen: DEPLOY SUMMARY
2026-06-17 01:45:52,902 [INFO] honey_token_gen:   AD accounts created:         3
2026-06-17 01:45:52,902 [INFO] honey_token_gen:   AD accounts failed:          0
2026-06-17 01:45:52,902 [INFO] honey_token_gen:   Credentials injected:        3
2026-06-17 01:45:52,902 [INFO] honey_token_gen:   Credentials failed:          0
2026-06-17 01:45:52,902 [INFO] honey_token_gen:   Total decoys deployed:       3
2026-06-17 01:45:52,902 [INFO] honey_token_gen: ============================================================
2026-06-17 01:46:48,136 [INFO] honey_token_gen: ============================================================
2026-06-17 01:46:48,137 [INFO] honey_token_gen: CLEANUP started (dry-run: True)
2026-06-17 01:46:48,137 [INFO] honey_token_gen: ============================================================
2026-06-17 01:46:48,137 [WARNING] honey_token_gen: Deployment record 'list.json' not found. No deployed decoys to clean up.
2026-06-17 01:50:12,022 [INFO] honey_token_gen: ============================================================
2026-06-17 01:50:12,022 [INFO] honey_token_gen: DEPLOY started (dry-run: False)
2026-06-17 01:50:12,022 [INFO] honey_token_gen: ============================================================
2026-06-17 01:50:12,023 [ERROR] honey_token_gen: Failed to load configuration: Configuration file not found at: nonexistent.json
